// Jest Snapshot v1, https://goo.gl/fbAQLP

exports[`Listview Component Snapshot ListView 1`] = `undefined`;
